mode: atomic
github.com/christestet/owui-go/internal/api/client.go:20.68,28.2 1 3
github.com/christestet/owui-go/internal/api/client.go:31.89,33.17 2 2
github.com/christestet/owui-go/internal/api/client.go:33.17,35.17 2 0
github.com/christestet/owui-go/internal/api/client.go:35.17,37.4 1 0
github.com/christestet/owui-go/internal/api/client.go:38.3,38.41 1 0
github.com/christestet/owui-go/internal/api/client.go:41.2,42.16 2 2
github.com/christestet/owui-go/internal/api/client.go:42.16,44.3 1 0
github.com/christestet/owui-go/internal/api/client.go:46.2,51.16 5 2
github.com/christestet/owui-go/internal/api/client.go:51.16,53.3 1 0
github.com/christestet/owui-go/internal/api/client.go:54.2,57.16 3 2
github.com/christestet/owui-go/internal/api/client.go:57.16,59.3 1 0
github.com/christestet/owui-go/internal/api/client.go:61.2,61.53 1 2
github.com/christestet/owui-go/internal/api/client.go:61.53,63.3 1 1
github.com/christestet/owui-go/internal/api/client.go:65.2,65.22 1 1
github.com/christestet/owui-go/cmd/owui/main.go:9.13,16.2 3 0
github.com/christestet/owui-go/internal/config/config.go:37.35,39.16 2 0
github.com/christestet/owui-go/internal/config/config.go:39.16,41.3 1 0
github.com/christestet/owui-go/internal/config/config.go:42.2,43.47 2 0
github.com/christestet/owui-go/internal/config/config.go:43.47,45.3 1 0
github.com/christestet/owui-go/internal/config/config.go:46.2,46.47 1 0
github.com/christestet/owui-go/internal/config/config.go:50.30,52.16 2 0
github.com/christestet/owui-go/internal/config/config.go:52.16,54.3 1 0
github.com/christestet/owui-go/internal/config/config.go:56.2,64.45 6 0
github.com/christestet/owui-go/internal/config/config.go:64.45,65.25 1 0
github.com/christestet/owui-go/internal/config/config.go:65.25,67.50 1 0
github.com/christestet/owui-go/internal/config/config.go:67.51,69.5 0 0
github.com/christestet/owui-go/internal/config/config.go:70.9,72.4 1 0
github.com/christestet/owui-go/internal/config/config.go:75.2,76.46 2 0
github.com/christestet/owui-go/internal/config/config.go:76.46,78.3 1 0
github.com/christestet/owui-go/internal/config/config.go:80.2,80.18 1 0
github.com/christestet/owui-go/internal/config/config.go:84.19,86.2 1 0
github.com/christestet/owui-go/internal/cli/version/version.go:20.47,22.3 1 0
github.com/christestet/owui-go/internal/cli/instances/instances.go:18.47,20.3 1 0
github.com/christestet/owui-go/internal/cli/instances/instances.go:24.39,32.2 2 0
github.com/christestet/owui-go/internal/cli/root/root.go:25.16,26.38 1 0
github.com/christestet/owui-go/internal/cli/root/root.go:26.38,29.3 2 0
github.com/christestet/owui-go/internal/cli/root/root.go:32.13,38.2 4 0
github.com/christestet/owui-go/internal/cli/root/root.go:41.19,43.16 2 0
github.com/christestet/owui-go/internal/cli/root/root.go:43.16,46.3 1 0
